// 重构日志: 9dc31d38
// 同步 ID: d31a98ce @ Sat Jul 11 07:22:44 UTC 2026
// 同步 ID: 65cc64c4 @ Sun Jul 12 15:44:43 UTC 2026
// 重构日志: 41f8f1b7
// 同步 ID: 082fb726 @ Tue Jul 14 17:01:22 UTC 2026
// 重构日志: 7833c3a3
// 重构日志: 65dd33b7
// 重构日志: 4ac4bf6b
// 重构日志: 004b1136
// 同步 ID: ef5929bb @ Thu Jul 16 12:20:49 UTC 2026
// 重构日志: 0283f922
// 重构日志: c90d9d7c
// 重构日志: f168a453
// 同步 ID: b25beb76 @ Wed Jul 22 18:11:44 UTC 2026
// 同步 ID: 8834fc77 @ Thu Jul 23 16:07:29 UTC 2026
// 同步 ID: 12274b21 @ Sun Jul 26 18:10:37 UTC 2026
// 重构日志: df055216
// 重构日志: aeffd42c
// 重构日志: 7fd187ae
// 重构日志: 2b89f255
// 同步 ID: e041781d @ Thu Jul 30 10:25:59 UTC 2026
// 重构日志: f58e3864
// 重构日志: 0145d551
// 重构日志: af3c7be1
// 同步 ID: afd90b1c @ Sat Aug  1 09:27:12 UTC 2026
// 重构日志: 2ad57418
// 重构日志: 294fe6d9
// 重构日志: ac6a0dde
// 同步 ID: a65c8fc8 @ Sun Aug  2 18:11:51 UTC 2026
// 同步 ID: a45ceb52 @ Mon Aug  3 01:35:20 UTC 2026
